MPLINK 4.49, Linker
Linker Map File - Created Sun Apr 25 14:18:59 2021

                                 Section Info
                  Section       Type    Address   Location Size(Bytes)
                ---------  ---------  ---------  ---------  ---------
                   .org_0       code   0x000000    program   0x000000
                   .org_1       code   0x000000    program   0x000002
                   .org_2       code   0x000004    program   0x00001e
.config_2007_SOURCE_FILE_03.O       code   0x002007    program   0x000002



                              Program Memory Usage 
                               Start         End      
                           ---------   ---------      
                            0x000000    0x000000      
                            0x000004    0x000012      
                            0x002007    0x002007      
            17 out of 1094 program addresses used, program memory utilization is 1%



                              Symbols - Sorted by Name
                     Name    Address   Location    Storage File                     
                ---------  ---------  ---------  --------- ---------                
               apaga_led1   0x000011    program     static C:\Users\DELL\Documents\myProjects\assembly\projeto3\source_file_03.asm
                   inicio   0x000005    program     static C:\Users\DELL\Documents\myProjects\assembly\projeto3\source_file_03.asm
                     loop   0x00000d    program     static C:\Users\DELL\Documents\myProjects\assembly\projeto3\source_file_03.asm



                              Symbols - Sorted by Address
                     Name    Address   Location    Storage File                     
                ---------  ---------  ---------  --------- ---------                
                   inicio   0x000005    program     static C:\Users\DELL\Documents\myProjects\assembly\projeto3\source_file_03.asm
                     loop   0x00000d    program     static C:\Users\DELL\Documents\myProjects\assembly\projeto3\source_file_03.asm
               apaga_led1   0x000011    program     static C:\Users\DELL\Documents\myProjects\assembly\projeto3\source_file_03.asm


