MPLINK 4.49, Linker
Linker Map File - Created Wed Apr 28 09:39:51 2021

                                 Section Info
                  Section       Type    Address   Location Size(Bytes)
                ---------  ---------  ---------  ---------  ---------
                   .org_0       code   0x000000    program   0x000000
                   .org_1       code   0x000000    program   0x000002
                   .org_2       code   0x000004    program   0x000040
.config_2007_SOURCE_FILE_06.O       code   0x002007    program   0x000002



                              Program Memory Usage 
                               Start         End      
                           ---------   ---------      
                            0x000000    0x000000      
                            0x000004    0x000023      
                            0x002007    0x002007      
            34 out of 1094 program addresses used, program memory utilization is 3%



                              Symbols - Sorted by Name
                     Name    Address   Location    Storage File                     
                ---------  ---------  ---------  --------- ---------                
                     aux1   0x000016    program     static C:\Users\DELL\Documents\myProjects\assembly\projeto06\source_file_06.asm
                     aux2   0x000018    program     static C:\Users\DELL\Documents\myProjects\assembly\projeto06\source_file_06.asm
               delay500ms   0x000014    program     static C:\Users\DELL\Documents\myProjects\assembly\projeto06\source_file_06.asm
                   inicio   0x000005    program     static C:\Users\DELL\Documents\myProjects\assembly\projeto06\source_file_06.asm
                     loop   0x00000d    program     static C:\Users\DELL\Documents\myProjects\assembly\projeto06\source_file_06.asm



                              Symbols - Sorted by Address
                     Name    Address   Location    Storage File                     
                ---------  ---------  ---------  --------- ---------                
                   inicio   0x000005    program     static C:\Users\DELL\Documents\myProjects\assembly\projeto06\source_file_06.asm
                     loop   0x00000d    program     static C:\Users\DELL\Documents\myProjects\assembly\projeto06\source_file_06.asm
               delay500ms   0x000014    program     static C:\Users\DELL\Documents\myProjects\assembly\projeto06\source_file_06.asm
                     aux1   0x000016    program     static C:\Users\DELL\Documents\myProjects\assembly\projeto06\source_file_06.asm
                     aux2   0x000018    program     static C:\Users\DELL\Documents\myProjects\assembly\projeto06\source_file_06.asm


