MPLINK 4.49, Linker
Linker Map File - Created Sun Apr 25 14:55:04 2021

                                 Section Info
                  Section       Type    Address   Location Size(Bytes)
                ---------  ---------  ---------  ---------  ---------
                   .org_0       code   0x000000    program   0x000000
                   .org_1       code   0x000000    program   0x000002
                   .org_2       code   0x000004    program   0x000030
.config_2007_SOURCE_FILE_04.O       code   0x002007    program   0x000002



                              Program Memory Usage 
                               Start         End      
                           ---------   ---------      
                            0x000000    0x000000      
                            0x000004    0x00001b      
                            0x002007    0x002007      
            26 out of 1094 program addresses used, program memory utilization is 2%



                              Symbols - Sorted by Name
                     Name    Address   Location    Storage File                     
                ---------  ---------  ---------  --------- ---------                
               apaga_led1   0x000014    program     static C:\Users\DELL\Documents\myProjects\assembly\projeto04\source_file_04.asm
               apaga_led2   0x00001a    program     static C:\Users\DELL\Documents\myProjects\assembly\projeto04\source_file_04.asm
                   inicio   0x000005    program     static C:\Users\DELL\Documents\myProjects\assembly\projeto04\source_file_04.asm
                     loop   0x00000d    program     static C:\Users\DELL\Documents\myProjects\assembly\projeto04\source_file_04.asm
               trata_but1   0x000010    program     static C:\Users\DELL\Documents\myProjects\assembly\projeto04\source_file_04.asm
               trata_but2   0x000016    program     static C:\Users\DELL\Documents\myProjects\assembly\projeto04\source_file_04.asm



                              Symbols - Sorted by Address
                     Name    Address   Location    Storage File                     
                ---------  ---------  ---------  --------- ---------                
                   inicio   0x000005    program     static C:\Users\DELL\Documents\myProjects\assembly\projeto04\source_file_04.asm
                     loop   0x00000d    program     static C:\Users\DELL\Documents\myProjects\assembly\projeto04\source_file_04.asm
               trata_but1   0x000010    program     static C:\Users\DELL\Documents\myProjects\assembly\projeto04\source_file_04.asm
               apaga_led1   0x000014    program     static C:\Users\DELL\Documents\myProjects\assembly\projeto04\source_file_04.asm
               trata_but2   0x000016    program     static C:\Users\DELL\Documents\myProjects\assembly\projeto04\source_file_04.asm
               apaga_led2   0x00001a    program     static C:\Users\DELL\Documents\myProjects\assembly\projeto04\source_file_04.asm


