MPASM  5.51                SOURCE_FILE_02.ASM   4-23-2021  12:16:17         PAGE  1


LOC  OBJECT CODE     LINE SOURCE TEXT
  VALUE

                      00001 ;
                      00002 ; Curso de Assembly
                      00003 ;
                      00004 ;
                      00005 ; Aciona um LED ligado em RB7, a partir de um botão ligado em RB0
                      00006 ; Obs.:
                      00007 ;
                      00008 ; LED ligado no modo current sourcing:
                      00009 ;
                      00010 ; '0' - apaga
                      00011 ; '1' - acende
                      00012 ;
                      00013 ; Botão ligado com resistor de pull-up:
                      00014 ;
                      00015 ; '0' - botão acionado
                      00016 ; '1' - botão liberado
                      00017 ;
                      00018 ; MCU: PIC16F84A   Clock:4MHz
                      00019 ;
                      00020 ; Autor: Alexandre   Data: abril 2021
                      00021 ;
                      00022 
                      00023         list p=16f84A                                                   ;microcontrolador utilizado PIC1
                            6F84A
                      00024 
                      00025 ; --- Arquivo incluídos no projeto ---
                      00026         #include<pic16f84a.inc>                                 ;inclui o arquivo do PIC16F84A
                      00001         LIST
                      00002 
                      00003 ;==========================================================================
                      00004 ;  MPASM PIC16F84A processor include
                      00005 ; 
                      00006 ;  (c) Copyright 1999-2013 Microchip Technology, All rights reserved
                      00007 ;==========================================================================
                      00008 
                      00208         LIST
                      00027 
                      00028 ; --- FUSE Bits ---
                      00029 
                      00030 ; Cristal oscilador externo 4MHZ, sem watchdog timer, com power up timer, sem proteção do código
2007   3FF1           00031         __config _XT_OSC & _WDT_OFF & _PWRTE_ON & _CP_OFF
                      00032 
                      00033 
                      00034 ; --- Paginação de memória ---
                      00035                                                         ;bcf - bit clear file - limpa o bit colocando em
                             0
                      00036         #define         bank0           bcf STATUS,RP0          ;Cria um mnemônico para o banco 0 de mem
                            ória
                      00037                                                         ;bsf - bit set file - seta o bit colocando em 1
                      00038         #define         bank1           bsf STATUS,RP0          ;Cria um mnemônico para o banco 1 de mem
                            ória
                      00039 
                      00040 ; --- Entradas ---
MPASM  5.51                SOURCE_FILE_02.ASM   4-23-2021  12:16:17         PAGE  2


LOC  OBJECT CODE     LINE SOURCE TEXT
  VALUE

                      00041         #define         botao1          PORTB,RB0                       ;Botão 1 ligado em RB0
                      00042 
                      00043 
                      00044 ; --- Saídas ---
                      00045         #define         led1            PORTB,RB7                       ;Led 1 ligado em RB7
                      00046 
                      00047 
                      00048 ; --- Vetor de RESET ---
0000                  00049                                 org                     H'0000'                         ;Origem no ender
                            eço 0000h de memória
0000   2805           00050                                 goto            inicio                          ;Desvia do vetor de inte
                            rrupção
                      00051 
                      00052 ; --- Vetor de Interrupção ---
0004                  00053                                 org                     H'0004'                         ;Todas as interr
                            upções apontam para este endereço
0004   0009           00054                                 retfie                                                  ;Retorna de inte
                            rrupção
                      00055 
                      00056 
                      00057 ; --- Programa Principal ---
0005                  00058 inicio:
0005   1683           00059                                 bank1                                                   ;Seleciona o ban
                            co 1 de memória
0006   30FF           00060                                 movlw           H'FF'                           ;W = B'11111111'
Message[302]: Register in operand not in bank 0.  Ensure that bank bits are correct.
0007   0085           00061                                 movwf           TRISA                           ;TRISA = H'FF' (todos os
                             bits são entrada)
0008   307F           00062                                 movlw           h'7F'                           ;W = B'01111111'
Message[302]: Register in operand not in bank 0.  Ensure that bank bits are correct.
0009   0086           00063                                 movwf           TRISB                           ;TRISB = H'7F' (apenas o
                             RB7 como saida)
000A   1283           00064                                 bank0                                                   ;Seleciona o ban
                            co 0 de memória
000B   30FF           00065                                 movlw           H'FF'                           ;W = B'11111111'
000C   0086           00066                                 movwf           PORTB                           ;RB7 (configurando como 
                            saída)  inicia em HIGH
                      00067 
000D                  00068 loop:
                      00069                 
000D   1806           00070                                 btfsc           botao1                          ;Botao foi pressionado?
000E   2811           00071                                 goto            apaga_led1                      ;Não, desvia para lebel 
                            apaga LED1
000F   1786           00072                                 bsf                     led1                            ;Sim, liga led1
0010   280D           00073                                 goto            loop                            ;volta para label loop
                      00074                         
0011                  00075 apaga_led1:
0011   1386           00076                                 bcf                     led1                            ;Apaga led1
0012   280D           00077                                 goto            loop                            ;Volta para label loop
                      00078 
                      00079                                 end                                                             ;final  
                                    
MPASM  5.51                SOURCE_FILE_02.ASM   4-23-2021  12:16:17         PAGE  3


SYMBOL TABLE
  LABEL                             VALUE 

C                                 00000000
DC                                00000001
EEADR                             00000009
EECON1                            00000088
EECON2                            00000089
EEDATA                            00000008
EEIE                              00000006
EEIF                              00000004
F                                 00000001
FSR                               00000004
GIE                               00000007
INDF                              00000000
INTCON                            0000000B
INTE                              00000004
INTEDG                            00000006
INTF                              00000001
IRP                               00000007
NOT_PD                            00000003
NOT_RBPU                          00000007
NOT_TO                            00000004
OPTION_REG                        00000081
PCL                               00000002
PCLATH                            0000000A
PORTA                             00000005
PORTB                             00000006
PS0                               00000000
PS1                               00000001
PS2                               00000002
PSA                               00000003
RA0                               00000000
RA1                               00000001
RA2                               00000002
RA3                               00000003
RA4                               00000004
RB0                               00000000
RB1                               00000001
RB2                               00000002
RB3                               00000003
RB4                               00000004
RB5                               00000005
RB6                               00000006
RB7                               00000007
RBIE                              00000003
RBIF                              00000000
RD                                00000000
RP0                               00000005
RP1                               00000006
STATUS                            00000003
T0CS                              00000005
T0IE                              00000005
T0IF                              00000002
T0SE                              00000004
TMR0                              00000001
MPASM  5.51                SOURCE_FILE_02.ASM   4-23-2021  12:16:17         PAGE  4


SYMBOL TABLE
  LABEL                             VALUE 

TMR0IE                            00000005
TMR0IF                            00000002
TRISA                             00000085
TRISA0                            00000000
TRISA1                            00000001
TRISA2                            00000002
TRISA3                            00000003
TRISA4                            00000004
TRISB                             00000086
TRISB0                            00000000
TRISB1                            00000001
TRISB2                            00000002
TRISB3                            00000003
TRISB4                            00000004
TRISB5                            00000005
TRISB6                            00000006
TRISB7                            00000007
W                                 00000000
WR                                00000001
WREN                              00000002
WRERR                             00000003
Z                                 00000002
_CONFIG                           00002007
_CP_OFF                           00003FFF
_CP_ON                            0000000F
_DEVID1                           00002006
_FOSC_EXTRC                       00003FFF
_FOSC_HS                          00003FFE
_FOSC_LP                          00003FFC
_FOSC_XT                          00003FFD
_HS_OSC                           00003FFE
_IDLOC0                           00002000
_IDLOC1                           00002001
_IDLOC2                           00002002
_IDLOC3                           00002003
_LP_OSC                           00003FFC
_PWRTE_OFF                        00003FFF
_PWRTE_ON                         00003FF7
_RC_OSC                           00003FFF
_WDTE_OFF                         00003FFB
_WDTE_ON                          00003FFF
_WDT_OFF                          00003FFB
_WDT_ON                           00003FFF
_XT_OSC                           00003FFD
__16F84A                          00000001
__DEBUG                           1
apaga_led1                        00000011
bank0                             bcf STATUS,RP0
bank1                             bsf STATUS,RP0
botao1                            PORTB,RB0
inicio                            00000005
led1                              PORTB,RB7
loop                              0000000D
MPASM  5.51                SOURCE_FILE_02.ASM   4-23-2021  12:16:17         PAGE  5


MEMORY USAGE MAP ('X' = Used,  '-' = Unused)


0000 : X---XXXXXXXXXXXX XXX------------- ---------------- ----------------
2000 : -------X-------- ---------------- ---------------- ----------------

All other memory blocks unused.

Program Memory Words Used:    16
Program Memory Words Free:  1008


Errors   :     0
Warnings :     0 reported,     0 suppressed
Messages :     2 reported,     0 suppressed

